Command '['ffmpeg', '-f', 'rawvideo', '-vcodec', 'rawvideo', '-s', '640x480', '-pix_fmt', 'rgba', '-framerate', '5.0', '-loglevel', 'error', '-i', 'pipe:', '-vcodec', 'h264', '-pix_fmt', 'yuv420p', '-y', 'Simulations output/local search/decrescent weight/expl True/BS True/0/animation_prob.mp4']' returned non-zero exit status 255.